
AC2: update with incrementAttempts=true reads server value and writes read+1
  ok   - PATCH carries Attempts = server 7 + 1 = 8
  ok   - a GET pages/{id} precedes the PATCH (server-fresh read)
  ok   - GET is IMMEDIATELY before the PATCH (no calls between)
  ok   - response.success && response.attempts === 8
  ok   - Notion page now has Attempts 8

AC2b: direct Notion edit (7 → 41) made before save is preserved +1, not stale-overwritten
  ok   - write is 42 (fresh 41 + 1), not a stale popup value

AC1-backend: update with incrementAttempts=false omits Attempts from the PATCH
  ok   - PATCH body has NO Attempts key
  ok   - no GET pages/{id} read is wasted when not incrementing
  ok   - Notion Attempts unchanged at 8
  ok   - response carries no attempts field (popup keeps its display value)

AC3: first-time save (no existingPageId) creates the page with Attempts = 1
  ok   - POST pages body has Attempts = 1
  ok   - response.success, pageId set, attempts === 1

AC4: save with an explicit staged `attempts` sets that exact value, no +1 on top
  ok   - Attempts written as the staged 5 — NOT 5+1 and NOT 3+1
  ok   - no server-fresh GET is issued for an explicit value
  ok   - Notion Attempts is exactly 5
  ok   - response reports the staged value so the popup can clear it

AC4b: explicit `attempts` takes priority over incrementAttempts (no double-count)
  ok   - staged 5 wins over the increment path — result is 5, not 4 or 6

AC4c: staging a count does not disturb an existing Spaced Repetition date
  ok   - Spaced Repetition byte-identical before/after
  ok   - Attempts still landed on the staged 9

AC4d: a staged 0 is written (falsy, but a real value)
  ok   - Attempts written as 0, not skipped as falsy

AC6: updateSpacedRepetition with attempts (Revisit) vs without (Tomorrow)
  ok   - Revisit: PATCH sets BOTH Spaced Repetition and Attempts=5
  ok   - Tomorrow: PATCH sets Spaced Repetition only — NO Attempts key
  ok   - Attempts still 5 after Tomorrow

AC7-backend: a failed save of a staged count reports {success:false, error}
  ok   - response is {success:false, error:...}
  ok   - Notion Attempts unchanged at 9 after failed PATCH
  ok   - no attempts echoed back, so the popup keeps the edit staged for retry

Regression: unknown action still rejects via the wrapper
  ok   - unknown action → {success:false, error mentions action}

============================================================
background.js layer: 27 passed, 0 failed
