super-board QA v2 — issue #1, real-Chromium popup session
Harness: node docs/super-board/runs/issue-1-qa-v1/harness/popup-harness/server.mjs
         → http://localhost:8123/harness.html  (real popup.html + real popup.js +
           chrome-stub whose message contract mirrors the verified background.js)
Driver:  gstack browse (headless Chromium)

=== AC1 — increment is per popup SESSION, not per click ===
open (Notion Attempts = 3)
  click "Update in Notion" #1 → Notion 4, field 4, sent {incrementAttempts:true}
  click "Update in Notion" #2 → Notion 4, field 4, sent {incrementAttempts:false}
reopen popup (new session, Notion 4)
  field on open  → 4  (seeded from Notion, not from a local counter)
  click "Update in Notion" → Notion 5, field 5
PASS — two updates in one session = +1; reopen + update = +1 more.

=== AC3 — first-time save writes Attempts = 1 ===
open ?new=1 (problem not in Notion)
  attempts control hidden, button reads "Save to Notion"
  click save → Notion 1, control revealed, field 1,
               sent {existingPageId:null, attempts:undefined, incrementAttempts:false}
  click save again (same session) → Notion still 1
PASS — create writes 1 and the session flag is armed by the first save.

=== AC4 (owner-superseded) — "+" stages, never writes ===
open (Notion 5)
  click "+" ×2 → field 7, class "attempts-input is-staged",
                 background messages since clear: []  (ZERO writes)
                 Notion still 5
  click "Update in Notion" → sent {attempts:7, incrementAttempts:false} → Notion 7
PASS — staged value lands verbatim; 7 not 8. Double-count structurally impossible.

=== Hand-editable count ===
type 42 + Enter → staged (is-staged), zero messages, Notion untouched at 19
  click "Update in Notion" → Notion 42, staged marker cleared
PASS

=== Click-away commit (Builder flagged this as UNVERIFIED — verified here) ===
focus field, type 19, do NOT press Enter, click "Update in Notion" directly
  blur fires → commitAttemptEdit stages 19 → save sends {attempts:19,
  incrementAttempts:false} → Notion 19
PASS — the edit is not silently dropped. Gap closed in a real browser with
real focus (the Node popup-harness could not exercise this: hasFocus()===false).

=== AC7 (owner-revised) — failed save keeps the edit staged, Notion untouched ===
type 77 + Enter (staged), arm forced save failure, click "Update in Notion"
  Notion untouched at 3 · field still 77 · still is-staged
  status bar: "QA forced save failure" in status-error red
  retry click → Notion 77, staged marker cleared
PASS — see failed-save-keeps-staged-desktop.png

=== AC5 (owner-superseded) — dead stats row stays reverted ===
#problem-stats            → still hidden
#stat-acceptance          → present (restored)
#stat-submissions         → present (restored)
#stat-attempts            → present (restored)
popup.html diff vs main   → +25/-0, pure addition; that row is byte-identical
PASS

=== AC6 — Revisit vs Review Tomorrow ===
Revisit (Reset): Notion 77 → 78, Spaced Repetition 2026-08-20 → 2026-09-07,
                 field live-updates to 78
Review Tomorrow: sent {action:updateSpacedRepetition, days:1} with NO attempts key,
                 Notion stays 78, date → 2026-08-09
PASS

=== Known edge (non-blocking, disclosed by the Builder) ===
stage 100 → click "Revisit (Reset)" → Notion becomes 79 (78+1, ignores the staged
100) while the field keeps showing 100 → "Update in Notion" → Notion 100.
The number moves twice and Revisit's own +1 is discarded. No data loss; the user's
explicit staged value wins, which is the documented priority. Recorded, not bounced.
